// Copyright (C) 2012 - Michael Baudin
// Copyright (C) 2012 - Maria Christopoulou
//
// This file must be used under the terms of the CeCILL.
// This source file is licensed as described in the file COPYING, which
// you should have received as part of this distribution. The terms
// are also available at
// http://www.cecill.info/licences/Licence_CeCILL_V2-en.txt␊
// <-- JVM NOT MANDATORY -->
//
// Test with only one parameter
nb_var = 3;
computed1 = scidoe_bbdesign(3);
expected1 = [-1 -1 0.;
1 -1 0;
-1 1 0;
1 1 0.;
-1 0 -1;
1 0 -1;
-1 0 1;
1 0 1;
0 -1 -1;
0 1 -1;
0 -1 1;
0 1 1;
0 0 0];
assert_checkequal(computed1,expected1);
//
// Test with both input parameters
computed2 = scidoe_bbdesign(5,3);
expected2 =   [-1.  -1.    0.    0.    0.;
1.  -1.    0.    0.    0.;
-1.  1.    0.    0.    0.;
1.   1.    0.    0.    0.;
-1.  0.   -1.    0.    0.;
1.   0.   -1.    0.    0.;
-1.  0.    1.    0.    0.;
1.   0.    1.    0.    0.;
-1.  0.    0.   -1.    0.;
1.   0.    0.   -1.    0.;
-1.  0.    0.    1.    0.;
1.   0.    0.    1.    0.;
-1.  0.    0.    0.   -1.;
1.   0.    0.    0.   -1.;
-1.  0.    0.    0.    1.;
1.   0.    0.    0.    1.;
0.  -1.   -1.    0.    0.;
0.   1.   -1.    0.    0.;
0.  -1.    1.    0.    0.;
0.   1.    1.    0.    0.;
0.  -1.    0.   -1.    0.;
0.   1.    0.   -1.    0.;
0.  -1.    0.    1.    0.;
0.   1.    0.    1.    0.;
0.  -1.    0.    0.   -1.;
0.   1.    0.    0.   -1.;
0.  -1.    0.    0.    1.;
0.   1.    0.    0.    1.;
0.   0.   -1.   -1.    0.;
0.   0.    1.   -1.    0.;
0.   0.   -1.    1.    0.;
0.   0.    1.    1.    0.;
0.   0.   -1.    0.   -1.;
0.   0.    1.    0.   -1.;
0.   0.   -1.    0.    1.;
0.   0.    1.    0.    1.;
0.   0.    0.   -1.   -1.;
0.   0.    0.    1.   -1.;
0.   0.    0.   -1.    1.;
0.   0.    0.    1.    1.;
0.   0.    0.    0.    0.;
0.   0.    0.    0.    0.;
0.   0.    0.    0.    0.];
assert_checkequal(computed2,expected2);
