// Copyright (C) 2012 - Maria Christopoulou
// Copyright (C) 2001 - Per A. Brodtkorb
//
// This file must be used under the terms of the CeCILL.
// This source file is licensed as described in the file COPYING, which
// you should have received as part of this distribution.  The terms
// are also available at
// http://www.cecill.info/licences/Licence_CeCILL_V2-en.txt
// <-- JVM NOT MANDATORY -->
// "Statistics for experimenters Design,Innovation and Discovery",
// Second Edition, George E.P Box, J. Stuart Hunter, William Hunter, Wiley Series, 2005
// Tables 5.6, 5.7 - Pilot Plant Investigation Experiment
//
y = [60 72 54 68 52 83 45 80]';
[ef, id] = scidoe_yates(y);
y1 = scidoe_ryates(ef);
assert_checkequal(y,y1);
//
// "Statistics for experimenters Design,Innovation and Discovery",
// Second Edition, George E.P Box, J. Stuart Hunter, William Hunter, Wiley Series, 2005
// Table 5.2 - Yarn Experiment
y = [28 36 22 31 25 33 19 26]'
 y  =
 
    28.  
    36.  
    22.  
    31.  
    25.  
    33.  
    19.  
    26.  
[ef,id] = scidoe_yates(y);
y1 = scidoe_ryates(ef);
assert_checkequal(y,y1);
